Building GoogleDriveSync...
Command line invocation:
    /Volumes/External/Applications/Xcode.app/Contents/Developer/usr/bin/xcodebuild -scheme GoogleDriveSync -configuration Release -derivedDataPath ./build build

2026-02-03 09:23:05.356 xcodebuild[56067:14211414] [MT] IDERunDestination: Supported platforms for the buildables in the current scheme is empty.
--- xcodebuild: WARNING: Using the first of multiple matching destinations:
{ platform:macOS, arch:arm64, id:00008132-000E11D40283001C, name:My Mac }
{ platform:macOS, arch:x86_64, id:00008132-000E11D40283001C, name:My Mac }
{ platform:macOS, name:Any Mac }
ComputePackagePrebuildTargetDependencyGraph

Prepare packages

CreateBuildRequest

SendProjectDescription

CreateBuildOperation

ComputeTargetDependencyGraph
note: Building targets in dependency order
note: Target dependency graph (1 target)
    Target 'GoogleDriveSync' in project 'GoogleDriveSync' (no dependencies)

GatherProvisioningInputs

CreateBuildDescription

ExecuteExternalTool /Volumes/External/Applications/Xcode.app/Contents/Developer/Toolchains/XcodeDefault.xctoolchain/usr/bin/clang -v -E -dM -isysroot /Volumes/External/Applications/Xcode.app/Contents/Developer/Platforms/MacOSX.platform/Developer/SDKs/MacOSX26.2.sdk -x c -c /dev/null

ExecuteExternalTool /Volumes/External/Applications/Xcode.app/Contents/Developer/usr/bin/actool --version --output-format xml1

ExecuteExternalTool /Volumes/External/Applications/Xcode.app/Contents/Developer/Toolchains/XcodeDefault.xctoolchain/usr/bin/swiftc --version

ExecuteExternalTool /Volumes/External/Applications/Xcode.app/Contents/Developer/Toolchains/XcodeDefault.xctoolchain/usr/bin/ld -version_details

Build description signature: 54a3fe4ae85bba91396b62da7cb99e20
Build description path: /Users/chrislapointe/Projects/CurrentProjects/GoogleDriveSync/build/Build/Intermediates.noindex/XCBuildData/54a3fe4ae85bba91396b62da7cb99e20.xcbuilddata
ClangStatCache /Volumes/External/Applications/Xcode.app/Contents/Developer/Toolchains/XcodeDefault.xctoolchain/usr/bin/clang-stat-cache /Volumes/External/Applications/Xcode.app/Contents/Developer/Platforms/MacOSX.platform/Developer/SDKs/MacOSX26.2.sdk /Users/chrislapointe/Projects/CurrentProjects/GoogleDriveSync/build/SDKStatCaches.noindex/macosx26.2-25C57-6362884308268a173e1a736c941f2f4b.sdkstatcache
    cd /Users/chrislapointe/Projects/CurrentProjects/GoogleDriveSync/GoogleDriveSync.xcodeproj
    /Volumes/External/Applications/Xcode.app/Contents/Developer/Toolchains/XcodeDefault.xctoolchain/usr/bin/clang-stat-cache /Volumes/External/Applications/Xcode.app/Contents/Developer/Platforms/MacOSX.platform/Developer/SDKs/MacOSX26.2.sdk -o /Users/chrislapointe/Projects/CurrentProjects/GoogleDriveSync/build/SDKStatCaches.noindex/macosx26.2-25C57-6362884308268a173e1a736c941f2f4b.sdkstatcache

ProcessProductPackaging /Users/chrislapointe/Projects/CurrentProjects/GoogleDriveSync/GoogleDriveSync/GoogleDriveSync.entitlements /Users/chrislapointe/Projects/CurrentProjects/GoogleDriveSync/build/Build/Intermediates.noindex/GoogleDriveSync.build/Release/GoogleDriveSync.build/GoogleDriveSync.app.xcent (in target 'GoogleDriveSync' from project 'GoogleDriveSync')
    cd /Users/chrislapointe/Projects/CurrentProjects/GoogleDriveSync
    
    Entitlements:
    
    {
    "com.apple.security.app-sandbox" = 0;
    "com.apple.security.files.user-selected.read-write" = 1;
    "com.apple.security.get-task-allow" = 1;
    "com.apple.security.network.client" = 1;
}
    
    builtin-productPackagingUtility /Users/chrislapointe/Projects/CurrentProjects/GoogleDriveSync/GoogleDriveSync/GoogleDriveSync.entitlements -entitlements -format xml -o /Users/chrislapointe/Projects/CurrentProjects/GoogleDriveSync/build/Build/Intermediates.noindex/GoogleDriveSync.build/Release/GoogleDriveSync.build/GoogleDriveSync.app.xcent

ProcessProductPackagingDER /Users/chrislapointe/Projects/CurrentProjects/GoogleDriveSync/build/Build/Intermediates.noindex/GoogleDriveSync.build/Release/GoogleDriveSync.build/GoogleDriveSync.app.xcent /Users/chrislapointe/Projects/CurrentProjects/GoogleDriveSync/build/Build/Intermediates.noindex/GoogleDriveSync.build/Release/GoogleDriveSync.build/GoogleDriveSync.app.xcent.der (in target 'GoogleDriveSync' from project 'GoogleDriveSync')
    cd /Users/chrislapointe/Projects/CurrentProjects/GoogleDriveSync
    /usr/bin/derq query -f xml -i /Users/chrislapointe/Projects/CurrentProjects/GoogleDriveSync/build/Build/Intermediates.noindex/GoogleDriveSync.build/Release/GoogleDriveSync.build/GoogleDriveSync.app.xcent -o /Users/chrislapointe/Projects/CurrentProjects/GoogleDriveSync/build/Build/Intermediates.noindex/GoogleDriveSync.build/Release/GoogleDriveSync.build/GoogleDriveSync.app.xcent.der --raw

SwiftDriver GoogleDriveSync normal arm64 com.apple.xcode.tools.swift.compiler (in target 'GoogleDriveSync' from project 'GoogleDriveSync')
    cd /Users/chrislapointe/Projects/CurrentProjects/GoogleDriveSync
    builtin-SwiftDriver -- /Volumes/External/Applications/Xcode.app/Contents/Developer/Toolchains/XcodeDefault.xctoolchain/usr/bin/swiftc -module-name GoogleDriveSync -O -whole-module-optimization -enforce-exclusivity\=checked @/Users/chrislapointe/Projects/CurrentProjects/GoogleDriveSync/build/Build/Intermediates.noindex/GoogleDriveSync.build/Release/GoogleDriveSync.build/Objects-normal/arm64/GoogleDriveSync.SwiftFileList -enable-bare-slash-regex -enable-experimental-feature DebugDescriptionMacro -sdk /Volumes/External/Applications/Xcode.app/Contents/Developer/Platforms/MacOSX.platform/Developer/SDKs/MacOSX26.2.sdk -target arm64-apple-macos14.0 -g -module-cache-path /Users/chrislapointe/Projects/CurrentProjects/GoogleDriveSync/build/ModuleCache.noindex -Xfrontend -serialize-debugging-options -swift-version 5 -I /Users/chrislapointe/Projects/CurrentProjects/GoogleDriveSync/build/Build/Products/Release -F /Users/chrislapointe/Projects/CurrentProjects/GoogleDriveSync/build/Build/Products/Release -emit-localized-strings -emit-localized-strings-path /Users/chrislapointe/Projects/CurrentProjects/GoogleDriveSync/build/Build/Intermediates.noindex/GoogleDriveSync.build/Release/GoogleDriveSync.build/Objects-normal/arm64 -c -num-threads 10 -Xcc -ivfsstatcache -Xcc /Users/chrislapointe/Projects/CurrentProjects/GoogleDriveSync/build/SDKStatCaches.noindex/macosx26.2-25C57-6362884308268a173e1a736c941f2f4b.sdkstatcache -output-file-map /Users/chrislapointe/Projects/CurrentProjects/GoogleDriveSync/build/Build/Intermediates.noindex/GoogleDriveSync.build/Release/GoogleDriveSync.build/Objects-normal/arm64/GoogleDriveSync-OutputFileMap.json -use-frontend-parseable-output -save-temps -no-color-diagnostics -explicit-module-build -module-cache-path /Users/chrislapointe/Projects/CurrentProjects/GoogleDriveSync/build/Build/Intermediates.noindex/SwiftExplicitPrecompiledModules -clang-scanner-module-cache-path /Users/chrislapointe/Projects/CurrentProjects/GoogleDriveSync/build/ModuleCache.noindex -sdk-module-cache-path /Users/chrislapointe/Projects/CurrentProjects/GoogleDriveSync/build/ModuleCache.noindex -serialize-diagnostics -emit-dependencies -emit-module -emit-module-path /Users/chrislapointe/Projects/CurrentProjects/GoogleDriveSync/build/Build/Intermediates.noindex/GoogleDriveSync.build/Release/GoogleDriveSync.build/Objects-normal/arm64/GoogleDriveSync.swiftmodule -validate-clang-modules-once -clang-build-session-file /Users/chrislapointe/Projects/CurrentProjects/GoogleDriveSync/build/ModuleCache.noindex/Session.modulevalidation -Xcc -I/Users/chrislapointe/Projects/CurrentProjects/GoogleDriveSync/build/Build/Intermediates.noindex/GoogleDriveSync.build/Release/GoogleDriveSync.build/swift-overrides.hmap -emit-const-values -Xfrontend -const-gather-protocols-file -Xfrontend /Users/chrislapointe/Projects/CurrentProjects/GoogleDriveSync/build/Build/Intermediates.noindex/GoogleDriveSync.build/Release/GoogleDriveSync.build/Objects-normal/arm64/GoogleDriveSync_const_extract_protocols.json -Xcc -iquote -Xcc /Users/chrislapointe/Projects/CurrentProjects/GoogleDriveSync/build/Build/Intermediates.noindex/GoogleDriveSync.build/Release/GoogleDriveSync.build/GoogleDriveSync-generated-files.hmap -Xcc -I/Users/chrislapointe/Projects/CurrentProjects/GoogleDriveSync/build/Build/Intermediates.noindex/GoogleDriveSync.build/Release/GoogleDriveSync.build/GoogleDriveSync-own-target-headers.hmap -Xcc -I/Users/chrislapointe/Projects/CurrentProjects/GoogleDriveSync/build/Build/Intermediates.noindex/GoogleDriveSync.build/Release/GoogleDriveSync.build/GoogleDriveSync-all-target-headers.hmap -Xcc -iquote -Xcc /Users/chrislapointe/Projects/CurrentProjects/GoogleDriveSync/build/Build/Intermediates.noindex/GoogleDriveSync.build/Release/GoogleDriveSync.build/GoogleDriveSync-project-headers.hmap -Xcc -I/Users/chrislapointe/Projects/CurrentProjects/GoogleDriveSync/build/Build/Products/Release/include -Xcc -I/Users/chrislapointe/Projects/CurrentProjects/GoogleDriveSync/build/Build/Intermediates.noindex/GoogleDriveSync.build/Release/GoogleDriveSync.build/DerivedSources-normal/arm64 -Xcc -I/Users/chrislapointe/Projects/CurrentProjects/GoogleDriveSync/build/Build/Intermediates.noindex/GoogleDriveSync.build/Release/GoogleDriveSync.build/DerivedSources/arm64 -Xcc -I/Users/chrislapointe/Projects/CurrentProjects/GoogleDriveSync/build/Build/Intermediates.noindex/GoogleDriveSync.build/Release/GoogleDriveSync.build/DerivedSources -emit-objc-header -emit-objc-header-path /Users/chrislapointe/Projects/CurrentProjects/GoogleDriveSync/build/Build/Intermediates.noindex/GoogleDriveSync.build/Release/GoogleDriveSync.build/Objects-normal/arm64/GoogleDriveSync-Swift.h -working-directory /Users/chrislapointe/Projects/CurrentProjects/GoogleDriveSync -no-emit-module-separately-wmo

SwiftCompile normal arm64 Compiling\ GoogleDriveSyncApp.swift,\ MenuBarView.swift,\ SettingsView.swift,\ SyncManager.swift,\ RcloneWrapper.swift,\ SyncFolder.swift,\ AppSettings.swift,\ ProcessRunner.swift,\ GeneratedAssetSymbols.swift /Users/chrislapointe/Projects/CurrentProjects/GoogleDriveSync/GoogleDriveSync/GoogleDriveSyncApp.swift /Users/chrislapointe/Projects/CurrentProjects/GoogleDriveSync/GoogleDriveSync/Views/MenuBarView.swift /Users/chrislapointe/Projects/CurrentProjects/GoogleDriveSync/GoogleDriveSync/Views/SettingsView.swift /Users/chrislapointe/Projects/CurrentProjects/GoogleDriveSync/GoogleDriveSync/Managers/SyncManager.swift /Users/chrislapointe/Projects/CurrentProjects/GoogleDriveSync/GoogleDriveSync/Managers/RcloneWrapper.swift /Users/chrislapointe/Projects/CurrentProjects/GoogleDriveSync/GoogleDriveSync/Models/SyncFolder.swift /Users/chrislapointe/Projects/CurrentProjects/GoogleDriveSync/GoogleDriveSync/Models/AppSettings.swift /Users/chrislapointe/Projects/CurrentProjects/GoogleDriveSync/GoogleDriveSync/Utilities/ProcessRunner.swift /Users/chrislapointe/Projects/CurrentProjects/GoogleDriveSync/build/Build/Intermediates.noindex/GoogleDriveSync.build/Release/GoogleDriveSync.build/DerivedSources/GeneratedAssetSymbols.swift /Volumes/External/Applications/Xcode.app/Contents/Developer/Toolchains/XcodeDefault.xctoolchain/usr/lib/swift/macosx/prebuilt-modules/26.2/Combine.swiftmodule/arm64e-apple-macos.swiftmodule /Volumes/External/Applications/Xcode.app/Contents/Developer/Toolchains/XcodeDefault.xctoolchain/usr/lib/swift/macosx/prebuilt-modules/26.2/CoreData.swiftmodule/arm64e-apple-macos.swiftmodule /Volumes/External/Applications/Xcode.app/Contents/Developer/Toolchains/XcodeDefault.xctoolchain/usr/lib/swift/macosx/prebuilt-modules/26.2/IOKit.swiftmodule/arm64e-apple-macos.swiftmodule /Volumes/External/Applications/Xcode.app/Contents/Developer/Toolchains/XcodeDefault.xctoolchain/usr/lib/swift/macosx/prebuilt-modules/26.2/Dispatch.swiftmodule/arm64e-apple-macos.swiftmodule /Volumes/External/Applications/Xcode.app/Contents/Developer/Toolchains/XcodeDefault.xctoolchain/usr/lib/swift/macosx/prebuilt-modules/26.2/CoreVideo.swiftmodule/arm64e-apple-macos.swiftmodule /Volumes/External/Applications/Xcode.app/Contents/Developer/Toolchains/XcodeDefault.xctoolchain/usr/lib/swift/macosx/prebuilt-modules/26.2/Accessibility.swiftmodule/arm64e-apple-macos.swiftmodule /Volumes/External/Applications/Xcode.app/Contents/Developer/Toolchains/XcodeDefault.xctoolchain/usr/lib/swift/macosx/prebuilt-modules/26.2/UniformTypeIdentifiers.swiftmodule/arm64e-apple-macos.swiftmodule /Volumes/External/Applications/Xcode.app/Contents/Developer/Toolchains/XcodeDefault.xctoolchain/usr/lib/swift/macosx/prebuilt-modules/26.2/DeveloperToolsSupport.swiftmodule/arm64e-apple-macos.swiftmodule /Volumes/External/Applications/Xcode.app/Contents/Developer/Toolchains/XcodeDefault.xctoolchain/usr/lib/swift/macosx/prebuilt-modules/26.2/OSLog.swiftmodule/arm64e-apple-macos.swiftmodule /Volumes/External/Applications/Xcode.app/Contents/Developer/Toolchains/XcodeDefault.xctoolchain/usr/lib/swift/macosx/prebuilt-modules/26.2/AppKit.swiftmodule/arm64e-apple-macos.swiftmodule /Volumes/External/Applications/Xcode.app/Contents/Developer/Toolchains/XcodeDefault.xctoolchain/usr/lib/swift/macosx/prebuilt-modules/26.2/Swift.swiftmodule/arm64e-apple-macos.swiftmodule /Volumes/External/Applications/Xcode.app/Contents/Developer/Toolchains/XcodeDefault.xctoolchain/usr/lib/swift/macosx/prebuilt-modules/26.2/CoreImage.swiftmodule/arm64e-apple-macos.swiftmodule /Volumes/External/Applications/Xcode.app/Contents/Developer/Toolchains/XcodeDefault.xctoolchain/usr/lib/swift/macosx/prebuilt-modules/26.2/Darwin.swiftmodule/arm64e-apple-macos.swiftmodule /Volumes/External/Applications/Xcode.app/Contents/Developer/Toolchains/XcodeDefault.xctoolchain/usr/lib/swift/macosx/prebuilt-modules/26.2/_DarwinFoundation2.swiftmodule/arm64e-apple-macos.swiftmodule /Volumes/External/Applications/Xcode.app/Contents/Developer/Toolchains/XcodeDefault.xctoolchain/usr/lib/swift/macosx/prebuilt-modules/26.2/Metal.swiftmodule/arm64e-apple-macos.swiftmodule /Volumes/External/Applications/Xcode.app/Contents/Developer/Toolchains/XcodeDefault.xctoolchain/usr/lib/swift/macosx/prebuilt-modules/26.2/os.swiftmodule/arm64e-apple-macos.swiftmodule /Volumes/External/Applications/Xcode.app/Contents/Developer/Toolchains/XcodeDefault.xctoolchain/usr/lib/swift/macosx/prebuilt-modules/26.2/_DarwinFoundation1.swiftmodule/arm64e-apple-macos.swiftmodule /Volumes/External/Applications/Xcode.app/Contents/Developer/Toolchains/XcodeDefault.xctoolchain/usr/lib/swift/macosx/prebuilt-modules/26.2/SwiftUI.swiftmodule/arm64e-apple-macos.swiftmodule /Volumes/External/Applications/Xcode.app/Contents/Developer/Toolchains/XcodeDefault.xctoolchain/usr/lib/swift/macosx/prebuilt-modules/26.2/CoreFoundation.swiftmodule/arm64e-apple-macos.swiftmodule /Volumes/External/Applications/Xcode.app/Contents/Developer/Toolchains/XcodeDefault.xctoolchain/usr/lib/swift/macosx/prebuilt-modules/26.2/ObjectiveC.swiftmodule/arm64e-apple-macos.swiftmodule /Volumes/External/Applications/Xcode.app/Contents/Developer/Toolchains/XcodeDefault.xctoolchain/usr/lib/swift/macosx/prebuilt-modules/26.2/CoreTransferable.swiftmodule/arm64e-apple-macos.swiftmodule /Volumes/External/Applications/Xcode.app/Contents/Developer/Toolchains/XcodeDefault.xctoolchain/usr/lib/swift/macosx/prebuilt-modules/26.2/CoreGraphics.swiftmodule/arm64e-apple-macos.swiftmodule /Volumes/External/Applications/Xcode.app/Contents/Developer/Toolchains/XcodeDefault.xctoolchain/usr/lib/swift/macosx/prebuilt-modules/26.2/QuartzCore.swiftmodule/arm64e-apple-macos.swiftmodule /Volumes/External/Applications/Xcode.app/Contents/Developer/Toolchains/XcodeDefault.xctoolchain/usr/lib/swift/macosx/prebuilt-modules/26.2/_StringProcessing.swiftmodule/arm64e-apple-macos.swiftmodule /Volumes/External/Applications/Xcode.app/Contents/Developer/Toolchains/XcodeDefault.xctoolchain/usr/lib/swift/macosx/prebuilt-modules/26.2/_Builtin_float.swiftmodule/arm64e-apple-macos.swiftmodule /Volumes/External/Applications/Xcode.app/Contents/Developer/Toolchains/XcodeDefault.xctoolchain/usr/lib/swift/macosx/prebuilt-modules/26.2/System.swiftmodule/arm64e-apple-macos.swiftmodule /Volumes/External/Applications/Xcode.app/Contents/Developer/Toolchains/XcodeDefault.xctoolchain/usr/lib/swift/macosx/prebuilt-modules/26.2/CoreText.swiftmodule/arm64e-apple-macos.swiftmodule /Volumes/External/Applications/Xcode.app/Contents/Developer/Toolchains/XcodeDefault.xctoolchain/usr/lib/swift/macosx/prebuilt-modules/26.2/DataDetection.swiftmodule/arm64e-apple-macos.swiftmodule /Volumes/External/Applications/Xcode.app/Contents/Developer/Toolchains/XcodeDefault.xctoolchain/usr/lib/swift/macosx/prebuilt-modules/26.2/Spatial.swiftmodule/arm64e-apple-macos.swiftmodule /Volumes/External/Applications/Xcode.app/Contents/Developer/Toolchains/XcodeDefault.xctoolchain/usr/lib/swift/macosx/prebuilt-modules/26.2/Foundation.swiftmodule/arm64e-apple-macos.swiftmodule /Volumes/External/Applications/Xcode.app/Contents/Developer/Toolchains/XcodeDefault.xctoolchain/usr/lib/swift/macosx/prebuilt-modules/26.2/simd.swiftmodule/arm64e-apple-macos.swiftmodule /Volumes/External/Applications/Xcode.app/Contents/Developer/Toolchains/XcodeDefault.xctoolchain/usr/lib/swift/macosx/prebuilt-modules/26.2/Observation.swiftmodule/arm64e-apple-macos.swiftmodule /Volumes/External/Applications/Xcode.app/Contents/Developer/Toolchains/XcodeDefault.xctoolchain/usr/lib/swift/macosx/prebuilt-modules/26.2/_Concurrency.swiftmodule/arm64e-apple-macos.swiftmodule /Volumes/External/Applications/Xcode.app/Contents/Developer/Toolchains/XcodeDefault.xctoolchain/usr/lib/swift/macosx/prebuilt-modules/26.2/SwiftUICore.swiftmodule/arm64e-apple-macos.swiftmodule /Volumes/External/Applications/Xcode.app/Contents/Developer/Toolchains/XcodeDefault.xctoolchain/usr/lib/swift/macosx/prebuilt-modules/26.2/Symbols.swiftmodule/arm64e-apple-macos.swiftmodule /Volumes/External/Applications/Xcode.app/Contents/Developer/Toolchains/XcodeDefault.xctoolchain/usr/lib/swift/macosx/prebuilt-modules/26.2/XPC.swiftmodule/arm64e-apple-macos.swiftmodule /Volumes/External/Applications/Xcode.app/Contents/Developer/Toolchains/XcodeDefault.xctoolchain/usr/lib/swift/macosx/prebuilt-modules/26.2/_DarwinFoundation3.swiftmodule/arm64e-apple-macos.swiftmodule /Users/chrislapointe/Projects/CurrentProjects/GoogleDriveSync/build/ModuleCache.noindex/CoreText-6H2G4JELYH56HV1SWQ8R8O4M2.pcm /Users/chrislapointe/Projects/CurrentProjects/GoogleDriveSync/build/ModuleCache.noindex/os-D76QG8993CFTGIJ0D1GPII6W8.pcm /Users/chrislapointe/Projects/CurrentProjects/GoogleDriveSync/build/ModuleCache.noindex/CoreGraphics-6AE6444JFLFVBHIAE9WH7PG2R.pcm /Users/chrislapointe/Projects/CurrentProjects/GoogleDriveSync/build/ModuleCache.noindex/_DarwinFoundation2-DH4PP4RP206GJC72G21EX6Z91.pcm /Users/chrislapointe/Projects/CurrentProjects/GoogleDriveSync/build/ModuleCache.noindex/Accessibility-D4KEXTJFYMO62LCFENCJAOY7U.pcm /Users/chrislapointe/Projects/CurrentProjects/GoogleDriveSync/build/ModuleCache.noindex/SwiftUICore-2OSX7MZWJ5Z3PDOCDOC5CQDAM.pcm /Users/chrislapointe/Projects/CurrentProjects/GoogleDriveSync/build/ModuleCache.noindex/Dispatch-C9HVQNUFS9N23WS6YLRZRFV55.pcm /Users/chrislapointe/Projects/CurrentProjects/GoogleDriveSync/build/ModuleCache.noindex/_Builtin_intrinsics-9N8HHZZLRNCFD4ZBN1PRDJ13F.pcm /Users/chrislapointe/Projects/CurrentProjects/GoogleDriveSync/build/ModuleCache.noindex/_AvailabilityInternal-DOAMDLDX7X9RBO6IKH73M4ZY9.pcm /Users/chrislapointe/Projects/CurrentProjects/GoogleDriveSync/build/ModuleCache.noindex/OSLog-697LY5R241GPIDGDAEPT4SQKS.pcm /Users/chrislapointe/Projects/CurrentProjects/GoogleDriveSync/build/ModuleCache.noindex/_Builtin_stdbool-B0R9NOKDHA8EFLR4AL3N2CJZK.pcm /Users/chrislapointe/Projects/CurrentProjects/GoogleDriveSync/build/ModuleCache.noindex/ptrauth-92BCG74YQGKUM2FJH1VER9NT5.pcm /Users/chrislapointe/Projects/CurrentProjects/GoogleDriveSync/build/ModuleCache.noindex/_Builtin_inttypes-5T6FTVQJGHXEXQ8PTZZ4UCYEZ.pcm /Users/chrislapointe/Projects/CurrentProjects/GoogleDriveSync/build/ModuleCache.noindex/CFNetwork-3U3TA7MSUSEVZH98Y1H1FZGSH.pcm /Users/chrislapointe/Projects/CurrentProjects/GoogleDriveSync/build/ModuleCache.noindex/CoreImage-CKNFLVK6AVOOTOQ654F41F2GY.pcm /Users/chrislapointe/Projects/CurrentProjects/GoogleDriveSync/build/ModuleCache.noindex/os_workgroup-3GXTDLEZM7TGUFCG4XMH1I1QN.pcm /Users/chrislapointe/Projects/CurrentProjects/GoogleDriveSync/build/ModuleCache.noindex/Darwin-2YRC0PZ9SKMWUBETPSVN0ZI14.pcm /Users/chrislapointe/Projects/CurrentProjects/GoogleDriveSync/build/ModuleCache.noindex/SwiftUI-177L56X3GU78BBGOT734OLG7J.pcm /Users/chrislapointe/Projects/CurrentProjects/GoogleDriveSync/build/ModuleCache.noindex/Symbols-5XU6Q167QXF9J3PJNXJI3905K.pcm /Users/chrislapointe/Projects/CurrentProjects/GoogleDriveSync/build/ModuleCache.noindex/ObjectiveC-F0EWKIOY0IOWIR8EZ3OCA9E1N.pcm /Users/chrislapointe/Projects/CurrentProjects/GoogleDriveSync/build/ModuleCache.noindex/_Builtin_stdatomic-TD7H7BFOHE9VP9JO5XWQM967.pcm /Users/chrislapointe/Projects/CurrentProjects/GoogleDriveSync/build/ModuleCache.noindex/Security-E5IN0H1TRJQ00UGM59NBX5WIP.pcm /Users/chrislapointe/Projects/CurrentProjects/GoogleDriveSync/build/ModuleCache.noindex/IOKit-CDM40TW5B1PVHWN91QGFW6EGP.pcm /Users/chrislapointe/Projects/CurrentProjects/GoogleDriveSync/build/ModuleCache.noindex/QuartzCore-2AX9BJ4S0DCVU21HT4FKOSB1X.pcm /Users/chrislapointe/Projects/CurrentProjects/GoogleDriveSync/build/ModuleCache.noindex/AppKit-4KJJ7X37RX068BR2IYZ5IGPLC.pcm /Users/chrislapointe/Projects/CurrentProjects/GoogleDriveSync/build/ModuleCache.noindex/CoreTransferable-6KNUPTDECH7ONMDRJ2YAYLRWE.pcm /Users/chrislapointe/Projects/CurrentProjects/GoogleDriveSync/build/ModuleCache.noindex/launch-5O2IPUATE943RZRARYC5CALJB.pcm /Users/chrislapointe/Projects/CurrentProjects/GoogleDriveSync/build/ModuleCache.noindex/CoreData-1HRDN8VP1HK5A9RAX5NJPT4NW.pcm /Users/chrislapointe/Projects/CurrentProjects/GoogleDriveSync/build/ModuleCache.noindex/_Builtin_stdarg-8OYIF17YPOGUPRVPYVRCX2GR1.pcm /Users/chrislapointe/Projects/CurrentProjects/GoogleDriveSync/build/ModuleCache.noindex/IOSurface-2YCTTW22NC0PRRBS6MO9Q1TNA.pcm /Users/chrislapointe/Projects/CurrentProjects/GoogleDriveSync/build/ModuleCache.noindex/ApplicationServices-3NG1OHMAUBHZC3MIYLVFYE95R.pcm /Users/chrislapointe/Projects/CurrentProjects/GoogleDriveSync/build/ModuleCache.noindex/Foundation-5Y0W6WDLU4OZV8SAX43BTGO9O.pcm /Users/chrislapointe/Projects/CurrentProjects/GoogleDriveSync/build/ModuleCache.noindex/OpenGL-EA68L89XV0Y0BO4SG6SNXZLYX.pcm /Users/chrislapointe/Projects/CurrentProjects/GoogleDriveSync/build/ModuleCache.noindex/_Builtin_float-8ETJ92PX7ZK1V0HVNL7NXTI26.pcm /Users/chrislapointe/Projects/CurrentProjects/GoogleDriveSync/build/ModuleCache.noindex/os_object-8K77ZX4728ERKPNUI480OL68O.pcm /Users/chrislapointe/Projects/CurrentProjects/GoogleDriveSync/build/ModuleCache.noindex/CoreServices-C9TUEUHN3LHP76RB6XHTIWLDZ.pcm /Users/chrislapointe/Projects/CurrentProjects/GoogleDriveSync/build/ModuleCache.noindex/ServiceManagement-C50WWY6JN8LTYYDDDEJHG9A3B.pcm /Users/chrislapointe/Projects/CurrentProjects/GoogleDriveSync/build/ModuleCache.noindex/Metal-7T4RKXIRL2ABO6YKHW3DMN779.pcm /Users/chrislapointe/Projects/CurrentProjects/GoogleDriveSync/build/ModuleCache.noindex/simd-19J1EXLZBYXFASCBBKUTZB5N4.pcm /Users/chrislapointe/Projects/CurrentProjects/GoogleDriveSync/build/ModuleCache.noindex/CUPS-6YIR6YK85MNQTUW5TCHWGSU6P.pcm /Users/chrislapointe/Projects/CurrentProjects/GoogleDriveSync/build/ModuleCache.noindex/libkern-6TOYH8HVKU6OL7HI4NRTWLBQ0.pcm /Users/chrislapointe/Projects/CurrentProjects/GoogleDriveSync/build/ModuleCache.noindex/UserNotifications-ABTCZZRQSQ3GWDWUUKNMXQMY3.pcm /Users/chrislapointe/Projects/CurrentProjects/GoogleDriveSync/build/ModuleCache.noindex/ColorSync-3441XWXQ96IMQF7BFWUOP3HM5.pcm /Users/chrislapointe/Projects/CurrentProjects/GoogleDriveSync/build/ModuleCache.noindex/Spatial-C19PNLR2TXGSL70IX31K9HCMW.pcm /Users/chrislapointe/Projects/CurrentProjects/GoogleDriveSync/build/ModuleCache.noindex/DiskArbitration-7IHDVYSDWDJ1K3K030PLKUQBQ.pcm /Users/chrislapointe/Projects/CurrentProjects/GoogleDriveSync/build/ModuleCache.noindex/sys_types-71MM2VHIM449CG5BLX1GNX6FJ.pcm /Users/chrislapointe/Projects/CurrentProjects/GoogleDriveSync/build/ModuleCache.noindex/_Builtin_limits-2F38A8Y97F0KBC3FOQT4PO597.pcm /Users/chrislapointe/Projects/CurrentProjects/GoogleDriveSync/build/ModuleCache.noindex/_SwiftConcurrencyShims-9ZCIZA352JQMG3H5ELPMOD9GE.pcm /Users/chrislapointe/Projects/CurrentProjects/GoogleDriveSync/build/ModuleCache.noindex/UniformTypeIdentifiers-1O0IEO7Z3W3GEJ4RDL8VKXBBJ.pcm /Users/chrislapointe/Projects/CurrentProjects/GoogleDriveSync/build/ModuleCache.noindex/_DarwinFoundation3-CNZ2QFR4JMFPVOGLTCXEAPCZU.pcm /Users/chrislapointe/Projects/CurrentProjects/GoogleDriveSync/build/ModuleCache.noindex/libDER-2JEQJDRP85UA62BV0F2YSAGBF.pcm /Users/chrislapointe/Projects/CurrentProjects/GoogleDriveSync/build/ModuleCache.noindex/DeveloperToolsSupport-1UHMZ0C6EKJ4AN27Y99KR8EO9.pcm /Users/chrislapointe/Projects/CurrentProjects/GoogleDriveSync/build/ModuleCache.noindex/ptrcheck-EWUKMSD47YE0EF8QRXL9C8V29.pcm /Users/chrislapointe/Projects/CurrentProjects/GoogleDriveSync/build/ModuleCache.noindex/_Builtin_tgmath-E20PD8EELB34O3A649W4K24F3.pcm /Users/chrislapointe/Projects/CurrentProjects/GoogleDriveSync/build/ModuleCache.noindex/_DarwinFoundation1-8VD9SN950R1CARV4FCLL82Q93.pcm /Users/chrislapointe/Projects/CurrentProjects/GoogleDriveSync/build/ModuleCache.noindex/_Builtin_stdint-4LBL5EGZ8CCGYTSLD2VLZYRGD.pcm /Users/chrislapointe/Projects/CurrentProjects/GoogleDriveSync/build/ModuleCache.noindex/SwiftShims-CNMMJVRFCR6IASFWE24IZVEF.pcm /Users/chrislapointe/Projects/CurrentProjects/GoogleDriveSync/build/ModuleCache.noindex/CoreVideo-514ETSSOU27H38Y8ANEC8ULEA.pcm /Users/chrislapointe/Projects/CurrentProjects/GoogleDriveSync/build/ModuleCache.noindex/XPC-E9POC8D5O1ETKWW1R0X7AT9LR.pcm /Users/chrislapointe/Projects/CurrentProjects/GoogleDriveSync/build/ModuleCache.noindex/MachO-AHX2RPVTM82OMJ6GKSPSH087U.pcm /Users/chrislapointe/Projects/CurrentProjects/GoogleDriveSync/build/ModuleCache.noindex/CoreFoundation-6PCFEQ98CLTR983XFXFANA4G9.pcm /Users/chrislapointe/Projects/CurrentProjects/GoogleDriveSync/build/ModuleCache.noindex/DataDetection-2I7IU6GLQWTIGXHVBSRWGT58U.pcm /Users/chrislapointe/Projects/CurrentProjects/GoogleDriveSync/build/ModuleCache.noindex/ImageIO-CMMBH9ANUCA1JQ3YIDPRCT0YA.pcm /Users/chrislapointe/Projects/CurrentProjects/GoogleDriveSync/build/ModuleCache.noindex/_Builtin_stddef-8RW23YHN2X6SDU6OPSJ7I7QCK.pcm /Users/chrislapointe/Projects/CurrentProjects/GoogleDriveSync/build/Build/Intermediates.noindex/GoogleDriveSync.build/Release/GoogleDriveSync.build/Objects-normal/arm64/GoogleDriveSync-dependencies-1.json (in target 'GoogleDriveSync' from project 'GoogleDriveSync')

CompileSwift normal arm64 (in target 'GoogleDriveSync' from project 'GoogleDriveSync')
    cd /Users/chrislapointe/Projects/CurrentProjects/GoogleDriveSync
    
/Users/chrislapointe/Projects/CurrentProjects/GoogleDriveSync/GoogleDriveSync/Managers/SyncManager.swift:111:13: error: cannot find 'startSyncTimer' in scope
            startSyncTimer()
            ^~~~~~~~~~~~~~
/Users/chrislapointe/Projects/CurrentProjects/GoogleDriveSync/GoogleDriveSync/Managers/SyncManager.swift:331:33: warning: result of call to 'run(resultType:body:)' is unused
                await MainActor.run {
                                ^   ~

Failed frontend command:
/Volumes/External/Applications/Xcode.app/Contents/Developer/Toolchains/XcodeDefault.xctoolchain/usr/bin/swift-frontend -frontend -c /Users/chrislapointe/Projects/CurrentProjects/GoogleDriveSync/GoogleDriveSync/GoogleDriveSyncApp.swift /Users/chrislapointe/Projects/CurrentProjects/GoogleDriveSync/GoogleDriveSync/Views/MenuBarView.swift /Users/chrislapointe/Projects/CurrentProjects/GoogleDriveSync/GoogleDriveSync/Views/SettingsView.swift /Users/chrislapointe/Projects/CurrentProjects/GoogleDriveSync/GoogleDriveSync/Managers/SyncManager.swift /Users/chrislapointe/Projects/CurrentProjects/GoogleDriveSync/GoogleDriveSync/Managers/RcloneWrapper.swift /Users/chrislapointe/Projects/CurrentProjects/GoogleDriveSync/GoogleDriveSync/Models/SyncFolder.swift /Users/chrislapointe/Projects/CurrentProjects/GoogleDriveSync/GoogleDriveSync/Models/AppSettings.swift /Users/chrislapointe/Projects/CurrentProjects/GoogleDriveSync/GoogleDriveSync/Utilities/ProcessRunner.swift /Users/chrislapointe/Projects/CurrentProjects/GoogleDriveSync/build/Build/Intermediates.noindex/GoogleDriveSync.build/Release/GoogleDriveSync.build/DerivedSources/GeneratedAssetSymbols.swift -supplementary-output-file-map /Users/chrislapointe/Projects/CurrentProjects/GoogleDriveSync/build/Build/Intermediates.noindex/GoogleDriveSync.build/Release/GoogleDriveSync.build/Objects-normal/arm64/supplementaryOutputs-1 -emit-localized-strings -emit-localized-strings-path /Users/chrislapointe/Projects/CurrentProjects/GoogleDriveSync/build/Build/Intermediates.noindex/GoogleDriveSync.build/Release/GoogleDriveSync.build/Objects-normal/arm64 -target arm64-apple-macos14.0 -module-can-import-version AppKit 2685.30.107 2685.30.107 -module-can-import-version DeveloperToolsSupport 23.0.4 23.0.4 -module-can-import-version SwiftUI 7.2.5.1 7.2.5 -load-resolved-plugin /Volumes/External/Applications/Xcode.app/Contents/Developer/Platforms/MacOSX.platform/Developer/usr/lib/swift/host/plugins/libFoundationMacros.dylib\#/Volumes/External/Applications/Xcode.app/Contents/Developer/Platforms/MacOSX.platform/Developer/usr/bin/swift-plugin-server\#FoundationMacros -load-resolved-plugin /Volumes/External/Applications/Xcode.app/Contents/Developer/Platforms/MacOSX.platform/Developer/usr/lib/swift/host/plugins/libObservationMacros.dylib\#/Volumes/External/Applications/Xcode.app/Contents/Developer/Platforms/MacOSX.platform/Developer/usr/bin/swift-plugin-server\#ObservationMacros -load-resolved-plugin /Volumes/External/Applications/Xcode.app/Contents/Developer/Platforms/MacOSX.platform/Developer/usr/lib/swift/host/plugins/libPreviewsMacros.dylib\#/Volumes/External/Applications/Xcode.app/Contents/Developer/Platforms/MacOSX.platform/Developer/usr/bin/swift-plugin-server\#PreviewsMacros -load-resolved-plugin /Volumes/External/Applications/Xcode.app/Contents/Developer/Platforms/MacOSX.platform/Developer/usr/lib/swift/host/plugins/libSwiftMacros.dylib\#/Volumes/External/Applications/Xcode.app/Contents/Developer/Platforms/MacOSX.platform/Developer/usr/bin/swift-plugin-server\#SwiftMacros -load-resolved-plugin /Volumes/External/Applications/Xcode.app/Contents/Developer/Platforms/MacOSX.platform/Developer/usr/lib/swift/host/plugins/libSwiftUIMacros.dylib\#/Volumes/External/Applications/Xcode.app/Contents/Developer/Platforms/MacOSX.platform/Developer/usr/bin/swift-plugin-server\#SwiftUIMacros -disable-implicit-swift-modules -Xcc -fno-implicit-modules -Xcc -fno-implicit-module-maps -explicit-swift-module-map-file /Users/chrislapointe/Projects/CurrentProjects/GoogleDriveSync/build/Build/Intermediates.noindex/GoogleDriveSync.build/Release/GoogleDriveSync.build/Objects-normal/arm64/GoogleDriveSync-dependencies-1.json -Xllvm -aarch64-use-tbi -enable-objc-interop -stack-check -sdk /Volumes/External/Applications/Xcode.app/Contents/Developer/Platforms/MacOSX.platform/Developer/SDKs/MacOSX26.2.sdk -I /Users/chrislapointe/Projects/CurrentProjects/GoogleDriveSync/build/Build/Products/Release -F /Users/chrislapointe/Projects/CurrentProjects/GoogleDriveSync/build/Build/Products/Release -no-color-diagnostics -Xcc -fno-color-diagnostics -g -debug-info-format\=dwarf -dwarf-version\=4 -module-cache-path /Users/chrislapointe/Projects/CurrentProjects/GoogleDriveSync/build/Build/Intermediates.noindex/SwiftExplicitPrecompiledModules -swift-version 5 -enforce-exclusivity\=checked -O -serialize-debugging-options -const-gather-protocols-file /Users/chrislapointe/Projects/CurrentProjects/GoogleDriveSync/build/Build/Intermediates.noindex/GoogleDriveSync.build/Release/GoogleDriveSync.build/Objects-normal/arm64/GoogleDriveSync_const_extract_protocols.json -enable-experimental-feature DebugDescriptionMacro -enable-bare-slash-regex -empty-abi-descriptor -validate-clang-modules-once -clang-build-session-file /Users/chrislapointe/Projects/CurrentProjects/GoogleDriveSync/build/ModuleCache.noindex/Session.modulevalidation -Xcc -working-directory -Xcc /Users/chrislapointe/Projects/CurrentProjects/GoogleDriveSync -file-compilation-dir /Users/chrislapointe/Projects/CurrentProjects/GoogleDriveSync -Xcc -ivfsstatcache -Xcc /Users/chrislapointe/Projects/CurrentProjects/GoogleDriveSync/build/SDKStatCaches.noindex/macosx26.2-25C57-6362884308268a173e1a736c941f2f4b.sdkstatcache -Xcc -I/Users/chrislapointe/Projects/CurrentProjects/GoogleDriveSync/build/Build/Intermediates.noindex/GoogleDriveSync.build/Release/GoogleDriveSync.build/swift-overrides.hmap -Xcc -iquote -Xcc /Users/chrislapointe/Projects/CurrentProjects/GoogleDriveSync/build/Build/Intermediates.noindex/GoogleDriveSync.build/Release/GoogleDriveSync.build/GoogleDriveSync-generated-files.hmap -Xcc -I/Users/chrislapointe/Projects/CurrentProjects/GoogleDriveSync/build/Build/Intermediates.noindex/GoogleDriveSync.build/Release/GoogleDriveSync.build/GoogleDriveSync-own-target-headers.hmap -Xcc -I/Users/chrislapointe/Projects/CurrentProjects/GoogleDriveSync/build/Build/Intermediates.noindex/GoogleDriveSync.build/Release/GoogleDriveSync.build/GoogleDriveSync-all-target-headers.hmap -Xcc -iquote -Xcc /Users/chrislapointe/Projects/CurrentProjects/GoogleDriveSync/build/Build/Intermediates.noindex/GoogleDriveSync.build/Release/GoogleDriveSync.build/GoogleDriveSync-project-headers.hmap -Xcc -I/Users/chrislapointe/Projects/CurrentProjects/GoogleDriveSync/build/Build/Products/Release/include -Xcc -I/Users/chrislapointe/Projects/CurrentProjects/GoogleDriveSync/build/Build/Intermediates.noindex/GoogleDriveSync.build/Release/GoogleDriveSync.build/DerivedSources-normal/arm64 -Xcc -I/Users/chrislapointe/Projects/CurrentProjects/GoogleDriveSync/build/Build/Intermediates.noindex/GoogleDriveSync.build/Release/GoogleDriveSync.build/DerivedSources/arm64 -Xcc -I/Users/chrislapointe/Projects/CurrentProjects/GoogleDriveSync/build/Build/Intermediates.noindex/GoogleDriveSync.build/Release/GoogleDriveSync.build/DerivedSources -no-auto-bridging-header-chaining -module-name GoogleDriveSync -frontend-parseable-output -disable-clang-spi -target-sdk-version 26.2 -target-sdk-name macosx26.2 -clang-target arm64-apple-macos26.2 -in-process-plugin-server-path /Volumes/External/Applications/Xcode.app/Contents/Developer/Toolchains/XcodeDefault.xctoolchain/usr/lib/swift/host/libSwiftInProcPluginServer.dylib -enable-default-cmo -num-threads 10 -o /Users/chrislapointe/Projects/CurrentProjects/GoogleDriveSync/build/Build/Intermediates.noindex/GoogleDriveSync.build/Release/GoogleDriveSync.build/Objects-normal/arm64/GoogleDriveSyncApp.o -o /Users/chrislapointe/Projects/CurrentProjects/GoogleDriveSync/build/Build/Intermediates.noindex/GoogleDriveSync.build/Release/GoogleDriveSync.build/Objects-normal/arm64/MenuBarView.o -o /Users/chrislapointe/Projects/CurrentProjects/GoogleDriveSync/build/Build/Intermediates.noindex/GoogleDriveSync.build/Release/GoogleDriveSync.build/Objects-normal/arm64/SettingsView.o -o /Users/chrislapointe/Projects/CurrentProjects/GoogleDriveSync/build/Build/Intermediates.noindex/GoogleDriveSync.build/Release/GoogleDriveSync.build/Objects-normal/arm64/SyncManager.o -o /Users/chrislapointe/Projects/CurrentProjects/GoogleDriveSync/build/Build/Intermediates.noindex/GoogleDriveSync.build/Release/GoogleDriveSync.build/Objects-normal/arm64/RcloneWrapper.o -o /Users/chrislapointe/Projects/CurrentProjects/GoogleDriveSync/build/Build/Intermediates.noindex/GoogleDriveSync.build/Release/GoogleDriveSync.build/Objects-normal/arm64/SyncFolder.o -o /Users/chrislapointe/Projects/CurrentProjects/GoogleDriveSync/build/Build/Intermediates.noindex/GoogleDriveSync.build/Release/GoogleDriveSync.build/Objects-normal/arm64/AppSettings.o -o /Users/chrislapointe/Projects/CurrentProjects/GoogleDriveSync/build/Build/Intermediates.noindex/GoogleDriveSync.build/Release/GoogleDriveSync.build/Objects-normal/arm64/ProcessRunner.o -o /Users/chrislapointe/Projects/CurrentProjects/GoogleDriveSync/build/Build/Intermediates.noindex/GoogleDriveSync.build/Release/GoogleDriveSync.build/Objects-normal/arm64/GeneratedAssetSymbols.o -index-unit-output-path /GoogleDriveSync.build/Release/GoogleDriveSync.build/Objects-normal/arm64/GoogleDriveSyncApp.o -index-unit-output-path /GoogleDriveSync.build/Release/GoogleDriveSync.build/Objects-normal/arm64/MenuBarView.o -index-unit-output-path /GoogleDriveSync.build/Release/GoogleDriveSync.build/Objects-normal/arm64/SettingsView.o -index-unit-output-path /GoogleDriveSync.build/Release/GoogleDriveSync.build/Objects-normal/arm64/SyncManager.o -index-unit-output-path /GoogleDriveSync.build/Release/GoogleDriveSync.build/Objects-normal/arm64/RcloneWrapper.o -index-unit-output-path /GoogleDriveSync.build/Release/GoogleDriveSync.build/Objects-normal/arm64/SyncFolder.o -index-unit-output-path /GoogleDriveSync.build/Release/GoogleDriveSync.build/Objects-normal/arm64/AppSettings.o -index-unit-output-path /GoogleDriveSync.build/Release/GoogleDriveSync.build/Objects-normal/arm64/ProcessRunner.o -index-unit-output-path /GoogleDriveSync.build/Release/GoogleDriveSync.build/Objects-normal/arm64/GeneratedAssetSymbols.o
** BUILD FAILED **


The following build commands failed:
	CompileSwift normal arm64 (in target 'GoogleDriveSync' from project 'GoogleDriveSync')
	SwiftCompile normal arm64 Compiling\ GoogleDriveSyncApp.swift,\ MenuBarView.swift,\ SettingsView.swift,\ SyncManager.swift,\ RcloneWrapper.swift,\ SyncFolder.swift,\ AppSettings.swift,\ ProcessRunner.swift,\ GeneratedAssetSymbols.swift /Users/chrislapointe/Projects/CurrentProjects/GoogleDriveSync/GoogleDriveSync/GoogleDriveSyncApp.swift /Users/chrislapointe/Projects/CurrentProjects/GoogleDriveSync/GoogleDriveSync/Views/MenuBarView.swift /Users/chrislapointe/Projects/CurrentProjects/GoogleDriveSync/GoogleDriveSync/Views/SettingsView.swift /Users/chrislapointe/Projects/CurrentProjects/GoogleDriveSync/GoogleDriveSync/Managers/SyncManager.swift /Users/chrislapointe/Projects/CurrentProjects/GoogleDriveSync/GoogleDriveSync/Managers/RcloneWrapper.swift /Users/chrislapointe/Projects/CurrentProjects/GoogleDriveSync/GoogleDriveSync/Models/SyncFolder.swift /Users/chrislapointe/Projects/CurrentProjects/GoogleDriveSync/GoogleDriveSync/Models/AppSettings.swift /Users/chrislapointe/Projects/CurrentProjects/GoogleDriveSync/GoogleDriveSync/Utilities/ProcessRunner.swift /Users/chrislapointe/Projects/CurrentProjects/GoogleDriveSync/build/Build/Intermediates.noindex/GoogleDriveSync.build/Release/GoogleDriveSync.build/DerivedSources/GeneratedAssetSymbols.swift /Volumes/External/Applications/Xcode.app/Contents/Developer/Toolchains/XcodeDefault.xctoolchain/usr/lib/swift/macosx/prebuilt-modules/26.2/Combine.swiftmodule/arm64e-apple-macos.swiftmodule /Volumes/External/Applications/Xcode.app/Contents/Developer/Toolchains/XcodeDefault.xctoolchain/usr/lib/swift/macosx/prebuilt-modules/26.2/CoreData.swiftmodule/arm64e-apple-macos.swiftmodule /Volumes/External/Applications/Xcode.app/Contents/Developer/Toolchains/XcodeDefault.xctoolchain/usr/lib/swift/macosx/prebuilt-modules/26.2/IOKit.swiftmodule/arm64e-apple-macos.swiftmodule /Volumes/External/Applications/Xcode.app/Contents/Developer/Toolchains/XcodeDefault.xctoolchain/usr/lib/swift/macosx/prebuilt-modules/26.2/Dispatch.swiftmodule/arm64e-apple-macos.swiftmodule /Volumes/External/Applications/Xcode.app/Contents/Developer/Toolchains/XcodeDefault.xctoolchain/usr/lib/swift/macosx/prebuilt-modules/26.2/CoreVideo.swiftmodule/arm64e-apple-macos.swiftmodule /Volumes/External/Applications/Xcode.app/Contents/Developer/Toolchains/XcodeDefault.xctoolchain/usr/lib/swift/macosx/prebuilt-modules/26.2/Accessibility.swiftmodule/arm64e-apple-macos.swiftmodule /Volumes/External/Applications/Xcode.app/Contents/Developer/Toolchains/XcodeDefault.xctoolchain/usr/lib/swift/macosx/prebuilt-modules/26.2/UniformTypeIdentifiers.swiftmodule/arm64e-apple-macos.swiftmodule /Volumes/External/Applications/Xcode.app/Contents/Developer/Toolchains/XcodeDefault.xctoolchain/usr/lib/swift/macosx/prebuilt-modules/26.2/DeveloperToolsSupport.swiftmodule/arm64e-apple-macos.swiftmodule /Volumes/External/Applications/Xcode.app/Contents/Developer/Toolchains/XcodeDefault.xctoolchain/usr/lib/swift/macosx/prebuilt-modules/26.2/OSLog.swiftmodule/arm64e-apple-macos.swiftmodule /Volumes/External/Applications/Xcode.app/Contents/Developer/Toolchains/XcodeDefault.xctoolchain/usr/lib/swift/macosx/prebuilt-modules/26.2/AppKit.swiftmodule/arm64e-apple-macos.swiftmodule /Volumes/External/Applications/Xcode.app/Contents/Developer/Toolchains/XcodeDefault.xctoolchain/usr/lib/swift/macosx/prebuilt-modules/26.2/Swift.swiftmodule/arm64e-apple-macos.swiftmodule /Volumes/External/Applications/Xcode.app/Contents/Developer/Toolchains/XcodeDefault.xctoolchain/usr/lib/swift/macosx/prebuilt-modules/26.2/CoreImage.swiftmodule/arm64e-apple-macos.swiftmodule /Volumes/External/Applications/Xcode.app/Contents/Developer/Toolchains/XcodeDefault.xctoolchain/usr/lib/swift/macosx/prebuilt-modules/26.2/Darwin.swiftmodule/arm64e-apple-macos.swiftmodule /Volumes/External/Applications/Xcode.app/Contents/Developer/Toolchains/XcodeDefault.xctoolchain/usr/lib/swift/macosx/prebuilt-modules/26.2/_DarwinFoundation2.swiftmodule/arm64e-apple-macos.swiftmodule /Volumes/External/Applications/Xcode.app/Contents/Developer/Toolchains/XcodeDefault.xctoolchain/usr/lib/swift/macosx/prebuilt-modules/26.2/Metal.swiftmodule/arm64e-apple-macos.swiftmodule /Volumes/External/Applications/Xcode.app/Contents/Developer/Toolchains/XcodeDefault.xctoolchain/usr/lib/swift/macosx/prebuilt-modules/26.2/os.swiftmodule/arm64e-apple-macos.swiftmodule /Volumes/External/Applications/Xcode.app/Contents/Developer/Toolchains/XcodeDefault.xctoolchain/usr/lib/swift/macosx/prebuilt-modules/26.2/_DarwinFoundation1.swiftmodule/arm64e-apple-macos.swiftmodule /Volumes/External/Applications/Xcode.app/Contents/Developer/Toolchains/XcodeDefault.xctoolchain/usr/lib/swift/macosx/prebuilt-modules/26.2/SwiftUI.swiftmodule/arm64e-apple-macos.swiftmodule /Volumes/External/Applications/Xcode.app/Contents/Developer/Toolchains/XcodeDefault.xctoolchain/usr/lib/swift/macosx/prebuilt-modules/26.2/CoreFoundation.swiftmodule/arm64e-apple-macos.swiftmodule /Volumes/External/Applications/Xcode.app/Contents/Developer/Toolchains/XcodeDefault.xctoolchain/usr/lib/swift/macosx/prebuilt-modules/26.2/ObjectiveC.swiftmodule/arm64e-apple-macos.swiftmodule /Volumes/External/Applications/Xcode.app/Contents/Developer/Toolchains/XcodeDefault.xctoolchain/usr/lib/swift/macosx/prebuilt-modules/26.2/CoreTransferable.swiftmodule/arm64e-apple-macos.swiftmodule /Volumes/External/Applications/Xcode.app/Contents/Developer/Toolchains/XcodeDefault.xctoolchain/usr/lib/swift/macosx/prebuilt-modules/26.2/CoreGraphics.swiftmodule/arm64e-apple-macos.swiftmodule /Volumes/External/Applications/Xcode.app/Contents/Developer/Toolchains/XcodeDefault.xctoolchain/usr/lib/swift/macosx/prebuilt-modules/26.2/QuartzCore.swiftmodule/arm64e-apple-macos.swiftmodule /Volumes/External/Applications/Xcode.app/Contents/Developer/Toolchains/XcodeDefault.xctoolchain/usr/lib/swift/macosx/prebuilt-modules/26.2/_StringProcessing.swiftmodule/arm64e-apple-macos.swiftmodule /Volumes/External/Applications/Xcode.app/Contents/Developer/Toolchains/XcodeDefault.xctoolchain/usr/lib/swift/macosx/prebuilt-modules/26.2/_Builtin_float.swiftmodule/arm64e-apple-macos.swiftmodule /Volumes/External/Applications/Xcode.app/Contents/Developer/Toolchains/XcodeDefault.xctoolchain/usr/lib/swift/macosx/prebuilt-modules/26.2/System.swiftmodule/arm64e-apple-macos.swiftmodule /Volumes/External/Applications/Xcode.app/Contents/Developer/Toolchains/XcodeDefault.xctoolchain/usr/lib/swift/macosx/prebuilt-modules/26.2/CoreText.swiftmodule/arm64e-apple-macos.swiftmodule /Volumes/External/Applications/Xcode.app/Contents/Developer/Toolchains/XcodeDefault.xctoolchain/usr/lib/swift/macosx/prebuilt-modules/26.2/DataDetection.swiftmodule/arm64e-apple-macos.swiftmodule /Volumes/External/Applications/Xcode.app/Contents/Developer/Toolchains/XcodeDefault.xctoolchain/usr/lib/swift/macosx/prebuilt-modules/26.2/Spatial.swiftmodule/arm64e-apple-macos.swiftmodule /Volumes/External/Applications/Xcode.app/Contents/Developer/Toolchains/XcodeDefault.xctoolchain/usr/lib/swift/macosx/prebuilt-modules/26.2/Foundation.swiftmodule/arm64e-apple-macos.swiftmodule /Volumes/External/Applications/Xcode.app/Contents/Developer/Toolchains/XcodeDefault.xctoolchain/usr/lib/swift/macosx/prebuilt-modules/26.2/simd.swiftmodule/arm64e-apple-macos.swiftmodule /Volumes/External/Applications/Xcode.app/Contents/Developer/Toolchains/XcodeDefault.xctoolchain/usr/lib/swift/macosx/prebuilt-modules/26.2/Observation.swiftmodule/arm64e-apple-macos.swiftmodule /Volumes/External/Applications/Xcode.app/Contents/Developer/Toolchains/XcodeDefault.xctoolchain/usr/lib/swift/macosx/prebuilt-modules/26.2/_Concurrency.swiftmodule/arm64e-apple-macos.swiftmodule /Volumes/External/Applications/Xcode.app/Contents/Developer/Toolchains/XcodeDefault.xctoolchain/usr/lib/swift/macosx/prebuilt-modules/26.2/SwiftUICore.swiftmodule/arm64e-apple-macos.swiftmodule /Volumes/External/Applications/Xcode.app/Contents/Developer/Toolchains/XcodeDefault.xctoolchain/usr/lib/swift/macosx/prebuilt-modules/26.2/Symbols.swiftmodule/arm64e-apple-macos.swiftmodule /Volumes/External/Applications/Xcode.app/Contents/Developer/Toolchains/XcodeDefault.xctoolchain/usr/lib/swift/macosx/prebuilt-modules/26.2/XPC.swiftmodule/arm64e-apple-macos.swiftmodule /Volumes/External/Applications/Xcode.app/Contents/Developer/Toolchains/XcodeDefault.xctoolchain/usr/lib/swift/macosx/prebuilt-modules/26.2/_DarwinFoundation3.swiftmodule/arm64e-apple-macos.swiftmodule /Users/chrislapointe/Projects/CurrentProjects/GoogleDriveSync/build/ModuleCache.noindex/CoreText-6H2G4JELYH56HV1SWQ8R8O4M2.pcm /Users/chrislapointe/Projects/CurrentProjects/GoogleDriveSync/build/ModuleCache.noindex/os-D76QG8993CFTGIJ0D1GPII6W8.pcm /Users/chrislapointe/Projects/CurrentProjects/GoogleDriveSync/build/ModuleCache.noindex/CoreGraphics-6AE6444JFLFVBHIAE9WH7PG2R.pcm /Users/chrislapointe/Projects/CurrentProjects/GoogleDriveSync/build/ModuleCache.noindex/_DarwinFoundation2-DH4PP4RP206GJC72G21EX6Z91.pcm /Users/chrislapointe/Projects/CurrentProjects/GoogleDriveSync/build/ModuleCache.noindex/Accessibility-D4KEXTJFYMO62LCFENCJAOY7U.pcm /Users/chrislapointe/Projects/CurrentProjects/GoogleDriveSync/build/ModuleCache.noindex/SwiftUICore-2OSX7MZWJ5Z3PDOCDOC5CQDAM.pcm /Users/chrislapointe/Projects/CurrentProjects/GoogleDriveSync/build/ModuleCache.noindex/Dispatch-C9HVQNUFS9N23WS6YLRZRFV55.pcm /Users/chrislapointe/Projects/CurrentProjects/GoogleDriveSync/build/ModuleCache.noindex/_Builtin_intrinsics-9N8HHZZLRNCFD4ZBN1PRDJ13F.pcm /Users/chrislapointe/Projects/CurrentProjects/GoogleDriveSync/build/ModuleCache.noindex/_AvailabilityInternal-DOAMDLDX7X9RBO6IKH73M4ZY9.pcm /Users/chrislapointe/Projects/CurrentProjects/GoogleDriveSync/build/ModuleCache.noindex/OSLog-697LY5R241GPIDGDAEPT4SQKS.pcm /Users/chrislapointe/Projects/CurrentProjects/GoogleDriveSync/build/ModuleCache.noindex/_Builtin_stdbool-B0R9NOKDHA8EFLR4AL3N2CJZK.pcm /Users/chrislapointe/Projects/CurrentProjects/GoogleDriveSync/build/ModuleCache.noindex/ptrauth-92BCG74YQGKUM2FJH1VER9NT5.pcm /Users/chrislapointe/Projects/CurrentProjects/GoogleDriveSync/build/ModuleCache.noindex/_Builtin_inttypes-5T6FTVQJGHXEXQ8PTZZ4UCYEZ.pcm /Users/chrislapointe/Projects/CurrentProjects/GoogleDriveSync/build/ModuleCache.noindex/CFNetwork-3U3TA7MSUSEVZH98Y1H1FZGSH.pcm /Users/chrislapointe/Projects/CurrentProjects/GoogleDriveSync/build/ModuleCache.noindex/CoreImage-CKNFLVK6AVOOTOQ654F41F2GY.pcm /Users/chrislapointe/Projects/CurrentProjects/GoogleDriveSync/build/ModuleCache.noindex/os_workgroup-3GXTDLEZM7TGUFCG4XMH1I1QN.pcm /Users/chrislapointe/Projects/CurrentProjects/GoogleDriveSync/build/ModuleCache.noindex/Darwin-2YRC0PZ9SKMWUBETPSVN0ZI14.pcm /Users/chrislapointe/Projects/CurrentProjects/GoogleDriveSync/build/ModuleCache.noindex/SwiftUI-177L56X3GU78BBGOT734OLG7J.pcm /Users/chrislapointe/Projects/CurrentProjects/GoogleDriveSync/build/ModuleCache.noindex/Symbols-5XU6Q167QXF9J3PJNXJI3905K.pcm /Users/chrislapointe/Projects/CurrentProjects/GoogleDriveSync/build/ModuleCache.noindex/ObjectiveC-F0EWKIOY0IOWIR8EZ3OCA9E1N.pcm /Users/chrislapointe/Projects/CurrentProjects/GoogleDriveSync/build/ModuleCache.noindex/_Builtin_stdatomic-TD7H7BFOHE9VP9JO5XWQM967.pcm /Users/chrislapointe/Projects/CurrentProjects/GoogleDriveSync/build/ModuleCache.noindex/Security-E5IN0H1TRJQ00UGM59NBX5WIP.pcm /Users/chrislapointe/Projects/CurrentProjects/GoogleDriveSync/build/ModuleCache.noindex/IOKit-CDM40TW5B1PVHWN91QGFW6EGP.pcm /Users/chrislapointe/Projects/CurrentProjects/GoogleDriveSync/build/ModuleCache.noindex/QuartzCore-2AX9BJ4S0DCVU21HT4FKOSB1X.pcm /Users/chrislapointe/Projects/CurrentProjects/GoogleDriveSync/build/ModuleCache.noindex/AppKit-4KJJ7X37RX068BR2IYZ5IGPLC.pcm /Users/chrislapointe/Projects/CurrentProjects/GoogleDriveSync/build/ModuleCache.noindex/CoreTransferable-6KNUPTDECH7ONMDRJ2YAYLRWE.pcm /Users/chrislapointe/Projects/CurrentProjects/GoogleDriveSync/build/ModuleCache.noindex/launch-5O2IPUATE943RZRARYC5CALJB.pcm /Users/chrislapointe/Projects/CurrentProjects/GoogleDriveSync/build/ModuleCache.noindex/CoreData-1HRDN8VP1HK5A9RAX5NJPT4NW.pcm /Users/chrislapointe/Projects/CurrentProjects/GoogleDriveSync/build/ModuleCache.noindex/_Builtin_stdarg-8OYIF17YPOGUPRVPYVRCX2GR1.pcm /Users/chrislapointe/Projects/CurrentProjects/GoogleDriveSync/build/ModuleCache.noindex/IOSurface-2YCTTW22NC0PRRBS6MO9Q1TNA.pcm /Users/chrislapointe/Projects/CurrentProjects/GoogleDriveSync/build/ModuleCache.noindex/ApplicationServices-3NG1OHMAUBHZC3MIYLVFYE95R.pcm /Users/chrislapointe/Projects/CurrentProjects/GoogleDriveSync/build/ModuleCache.noindex/Foundation-5Y0W6WDLU4OZV8SAX43BTGO9O.pcm /Users/chrislapointe/Projects/CurrentProjects/GoogleDriveSync/build/ModuleCache.noindex/OpenGL-EA68L89XV0Y0BO4SG6SNXZLYX.pcm /Users/chrislapointe/Projects/CurrentProjects/GoogleDriveSync/build/ModuleCache.noindex/_Builtin_float-8ETJ92PX7ZK1V0HVNL7NXTI26.pcm /Users/chrislapointe/Projects/CurrentProjects/GoogleDriveSync/build/ModuleCache.noindex/os_object-8K77ZX4728ERKPNUI480OL68O.pcm /Users/chrislapointe/Projects/CurrentProjects/GoogleDriveSync/build/ModuleCache.noindex/CoreServices-C9TUEUHN3LHP76RB6XHTIWLDZ.pcm /Users/chrislapointe/Projects/CurrentProjects/GoogleDriveSync/build/ModuleCache.noindex/ServiceManagement-C50WWY6JN8LTYYDDDEJHG9A3B.pcm /Users/chrislapointe/Projects/CurrentProjects/GoogleDriveSync/build/ModuleCache.noindex/Metal-7T4RKXIRL2ABO6YKHW3DMN779.pcm /Users/chrislapointe/Projects/CurrentProjects/GoogleDriveSync/build/ModuleCache.noindex/simd-19J1EXLZBYXFASCBBKUTZB5N4.pcm /Users/chrislapointe/Projects/CurrentProjects/GoogleDriveSync/build/ModuleCache.noindex/CUPS-6YIR6YK85MNQTUW5TCHWGSU6P.pcm /Users/chrislapointe/Projects/CurrentProjects/GoogleDriveSync/build/ModuleCache.noindex/libkern-6TOYH8HVKU6OL7HI4NRTWLBQ0.pcm /Users/chrislapointe/Projects/CurrentProjects/GoogleDriveSync/build/ModuleCache.noindex/UserNotifications-ABTCZZRQSQ3GWDWUUKNMXQMY3.pcm /Users/chrislapointe/Projects/CurrentProjects/GoogleDriveSync/build/ModuleCache.noindex/ColorSync-3441XWXQ96IMQF7BFWUOP3HM5.pcm /Users/chrislapointe/Projects/CurrentProjects/GoogleDriveSync/build/ModuleCache.noindex/Spatial-C19PNLR2TXGSL70IX31K9HCMW.pcm /Users/chrislapointe/Projects/CurrentProjects/GoogleDriveSync/build/ModuleCache.noindex/DiskArbitration-7IHDVYSDWDJ1K3K030PLKUQBQ.pcm /Users/chrislapointe/Projects/CurrentProjects/GoogleDriveSync/build/ModuleCache.noindex/sys_types-71MM2VHIM449CG5BLX1GNX6FJ.pcm /Users/chrislapointe/Projects/CurrentProjects/GoogleDriveSync/build/ModuleCache.noindex/_Builtin_limits-2F38A8Y97F0KBC3FOQT4PO597.pcm /Users/chrislapointe/Projects/CurrentProjects/GoogleDriveSync/build/ModuleCache.noindex/_SwiftConcurrencyShims-9ZCIZA352JQMG3H5ELPMOD9GE.pcm /Users/chrislapointe/Projects/CurrentProjects/GoogleDriveSync/build/ModuleCache.noindex/UniformTypeIdentifiers-1O0IEO7Z3W3GEJ4RDL8VKXBBJ.pcm /Users/chrislapointe/Projects/CurrentProjects/GoogleDriveSync/build/ModuleCache.noindex/_DarwinFoundation3-CNZ2QFR4JMFPVOGLTCXEAPCZU.pcm /Users/chrislapointe/Projects/CurrentProjects/GoogleDriveSync/build/ModuleCache.noindex/libDER-2JEQJDRP85UA62BV0F2YSAGBF.pcm /Users/chrislapointe/Projects/CurrentProjects/GoogleDriveSync/build/ModuleCache.noindex/DeveloperToolsSupport-1UHMZ0C6EKJ4AN27Y99KR8EO9.pcm /Users/chrislapointe/Projects/CurrentProjects/GoogleDriveSync/build/ModuleCache.noindex/ptrcheck-EWUKMSD47YE0EF8QRXL9C8V29.pcm /Users/chrislapointe/Projects/CurrentProjects/GoogleDriveSync/build/ModuleCache.noindex/_Builtin_tgmath-E20PD8EELB34O3A649W4K24F3.pcm /Users/chrislapointe/Projects/CurrentProjects/GoogleDriveSync/build/ModuleCache.noindex/_DarwinFoundation1-8VD9SN950R1CARV4FCLL82Q93.pcm /Users/chrislapointe/Projects/CurrentProjects/GoogleDriveSync/build/ModuleCache.noindex/_Builtin_stdint-4LBL5EGZ8CCGYTSLD2VLZYRGD.pcm /Users/chrislapointe/Projects/CurrentProjects/GoogleDriveSync/build/ModuleCache.noindex/SwiftShims-CNMMJVRFCR6IASFWE24IZVEF.pcm /Users/chrislapointe/Projects/CurrentProjects/GoogleDriveSync/build/ModuleCache.noindex/CoreVideo-514ETSSOU27H38Y8ANEC8ULEA.pcm /Users/chrislapointe/Projects/CurrentProjects/GoogleDriveSync/build/ModuleCache.noindex/XPC-E9POC8D5O1ETKWW1R0X7AT9LR.pcm /Users/chrislapointe/Projects/CurrentProjects/GoogleDriveSync/build/ModuleCache.noindex/MachO-AHX2RPVTM82OMJ6GKSPSH087U.pcm /Users/chrislapointe/Projects/CurrentProjects/GoogleDriveSync/build/ModuleCache.noindex/CoreFoundation-6PCFEQ98CLTR983XFXFANA4G9.pcm /Users/chrislapointe/Projects/CurrentProjects/GoogleDriveSync/build/ModuleCache.noindex/DataDetection-2I7IU6GLQWTIGXHVBSRWGT58U.pcm /Users/chrislapointe/Projects/CurrentProjects/GoogleDriveSync/build/ModuleCache.noindex/ImageIO-CMMBH9ANUCA1JQ3YIDPRCT0YA.pcm /Users/chrislapointe/Projects/CurrentProjects/GoogleDriveSync/build/ModuleCache.noindex/_Builtin_stddef-8RW23YHN2X6SDU6OPSJ7I7QCK.pcm /Users/chrislapointe/Projects/CurrentProjects/GoogleDriveSync/build/Build/Intermediates.noindex/GoogleDriveSync.build/Release/GoogleDriveSync.build/Objects-normal/arm64/GoogleDriveSync-dependencies-1.json (in target 'GoogleDriveSync' from project 'GoogleDriveSync')
	Building project GoogleDriveSync with scheme GoogleDriveSync and configuration Release
(3 failures)
Build failed.
